[33mΓ¥»[39m Building...
[32mΓ£ö[39m Building...
[35mPrerendered 0 static routes.[39m
Application bundle generation failed. [9.935 seconds] - 2026-03-16T20:06:16.470Z

node.exe : [1m[33m[33mΓû▓ [43;33m[[43;30mWARNING[43;33m][0m 
[1mNG8113: AudioTextInputComponent is not used within the template of 
TrimmerComponent[0m [1m[35m[plugin angular-compiler][0m
At line:1 char:1
+ & "C:\Program Files\nodejs/node.exe" "C:\Users\IKYY\AppData\Roaming\n ...
+ ~~~~~~~~~~~~~~~~~~~~~~~~~~~~~~~~~~~~~~~~~~~~~~~~~~~~~~~~~~~~~~~~~~~~~
    + CategoryInfo          : NotSpecified: ([1m[33m[33mΓ...r-compiler] 
   [0m:String) [], RemoteException
    + FullyQualifiedErrorId : NativeCommandError
 

    src/app/modules/audio/02-trimmer/trimmer.component.ts:16:166:
[37m      16 Γöé ...RingComponent, WaveformDisplayComponent, 
[32mAudioTextInputComponent[37m],
         Γò╡                                             
[32m~~~~~~~~~~~~~~~~~~~~~~~[0m


[33mΓû▓ [43;33m[[43;30mWARNING[43;33m][0m [1mNG8113: 
AudioTextInputComponent is not used within the template of 
AudioWatermarkComponent[0m [1m[35m[plugin angular-compiler][0m

    src/app/modules/audio/29-watermark/watermark.component.ts:16:166:
[37m      16 Γöé ...RingComponent, WaveformDisplayComponent, 
[32mAudioTextInputComponent[37m],
         Γò╡                                             
[32m~~~~~~~~~~~~~~~~~~~~~~~[0m


[33mΓû▓ [43;33m[[43;30mWARNING[43;33m][0m [1mNG8107: NG8107: The 
left side of this optional chain operation does not include 'null' or 
'undefined' in its type, therefore the '?.' operator can be replaced with 
the '.' operator. Find more at 
https://v21.angular.dev/extended-diagnostics/NG8107[0m [1m[35m[plugin 
angular-compiler][0m

    src/app/modules/dashboard/dashboard.component.ts:34:76:
[37m      34 Γöé ...-mono text-accent-purple">{{ 
system()?.[32mmemoryUsage[37m || 0 }}MB</div>
         Γò╡                                           [32m~~~~~~~~~~~[0m


[33mΓû▓ [43;33m[[43;30mWARNING[43;33m][0m [1mNG8107: NG8107: The 
left side of this optional chain operation does not include 'null' or 
'undefined' in its type, therefore the '?.' operator can be replaced with 
the '.' operator. Find more at 
https://v21.angular.dev/extended-diagnostics/NG8107[0m [1m[35m[plugin 
angular-compiler][0m

    src/app/modules/dashboard/dashboard.component.ts:55:66:
[37m      55 Γöé ...-3xl font-mono font-bold">{{ 
tasks()?.[32mtotalCompleted[37m || 0 }}</div>
         Γò╡                                          
[32m~~~~~~~~~~~~~~[0m

[39m[22m
[1m[31m[31mX [41;31m[[41;97mERROR[41;31m][0m [1mTS2304: Cannot 
find name 'ExportFormat'.[0m [1m[35m[plugin angular-compiler][0m

    src/app/modules/audio/shared/components/export-panel/export-panel.compo
nent.ts:41:44:
[37m      41 Γöé   @Output() formatChange = new 
EventEmitter<[32mExportFormat[37m>();
         Γò╡                                             
[32m~~~~~~~~~~~~[0m


[31mX [41;31m[[41;97mERROR[41;31m][0m [1mTS2304: Cannot find name 
'ExportFormat'.[0m [1m[35m[plugin angular-compiler][0m

    src/app/modules/audio/shared/components/export-panel/export-panel.compo
nent.ts:43:11:
[37m      43 Γöé   formats: [32mExportFormat[37m[] = ['wav', 'mp3', 
'aac', 'ogg', 'flac', '...
         Γò╡            [32m~~~~~~~~~~~~[0m


[31mX [41;31m[[41;97mERROR[41;31m][0m [1mTS2304: Cannot find name 
'ExportFormat'.[0m [1m[35m[plugin angular-compiler][0m

    src/app/modules/audio/shared/components/export-panel/export-panel.compo
nent.ts:44:26:
[37m      44 Γöé   selectedFormat = signal<[32mExportFormat[37m>('wav');
         Γò╡                           [32m~~~~~~~~~~~~[0m


[31mX [41;31m[[41;97mERROR[41;31m][0m [1mTS2304: Cannot find name 
'ExportFormat'.[0m [1m[35m[plugin angular-compiler][0m

    src/app/modules/audio/shared/components/export-panel/export-panel.compo
nent.ts:46:20:
[37m      46 Γöé   selectFormat(fmt: [32mExportFormat[37m): void {
         Γò╡                     [32m~~~~~~~~~~~~[0m


[31mX [41;31m[[41;97mERROR[41;31m][0m [1mTS2551: Property 'system$' 
does not exist on type 'DashboardComponent'. Did you mean 'system'?[0m 
[1m[35m[plugin angular-compiler][0m

    src/app/modules/dashboard/dashboard.component.ts:99:100:
[37m      99 Γöé ...lass.text-status-success]="([32msystem$[37m | 
async)?.ffmpegLoaded" [cl...
         Γò╡                                [32m~~~~~~~[0m


[31mX [41;31m[[41;97mERROR[41;31m][0m [1mTS2339: Property 
'ffmpegLoaded' does not exist on type '{}'.[0m [1m[35m[plugin 
angular-compiler][0m

    src/app/modules/dashboard/dashboard.component.ts:99:118:
[37m      99 Γöé ...cess]="(system$ | async)?.[32mffmpegLoaded[37m" 
[class.text-status-warn...
         Γò╡                              [32m~~~~~~~~~~~~[0m


[31mX [41;31m[[41;97mERROR[41;31m][0m [1mTS2551: Property 'system$' 
does not exist on type 'DashboardComponent'. Did you mean 'system'?[0m 
[1m[35m[plugin angular-compiler][0m

    src/app/modules/dashboard/dashboard.component.ts:100:77:
[37m      100 Γöé ...[class.bg-status-success]="([32msystem$[37m | 
async)?.ffmpegLoaded" [c...
          Γò╡                                [32m~~~~~~~[0m


[31mX [41;31m[[41;97mERROR[41;31m][0m [1mTS2339: Property 
'ffmpegLoaded' does not exist on type '{}'.[0m [1m[35m[plugin 
angular-compiler][0m

    src/app/modules/dashboard/dashboard.component.ts:100:95:
[37m      100 Γöé ...ess]="(system$ | async)?.[32mffmpegLoaded[37m" 
[class.bg-status-warnin...
          Γò╡                             [32m~~~~~~~~~~~~[0m


[31mX [41;31m[[41;97mERROR[41;31m][0m [1mTS2551: Property 'system$' 
does not exist on type 'DashboardComponent'. Did you mean 'system'?[0m 
[1m[35m[plugin angular-compiler][0m

    src/app/modules/dashboard/dashboard.component.ts:101:18:
[37m      101 Γöé               {{ ([32msystem$[37m | 
async)?.ffmpegLoaded ? 'Online' : 'St...
          Γò╡                   [32m~~~~~~~[0m


[31mX [41;31m[[41;97mERROR[41;31m][0m [1mTS2339: Property 
'ffmpegLoaded' does not exist on type '{}'.[0m [1m[35m[plugin 
angular-compiler][0m

    src/app/modules/dashboard/dashboard.component.ts:101:36:
[37m      101 Γöé ...     {{ (system$ | async)?.[32mffmpegLoaded[37m ? 
'Online' : 'Standby' }}
          Γò╡                               [32m~~~~~~~~~~~~[0m


[31mX [41;31m[[41;97mERROR[41;31m][0m [1mTS2551: Property 'system$' 
does not exist on type 'DashboardComponent'. Did you mean 'system'?[0m 
[1m[35m[plugin angular-compiler][0m

    src/app/modules/dashboard/dashboard.component.ts:106:100:
[37m      106 Γöé ...lass.text-status-success]="([32msystem$[37m | 
async)?.onnxLoaded" [cla...
          Γò╡                                [32m~~~~~~~[0m


[31mX [41;31m[[41;97mERROR[41;31m][0m [1mTS2339: Property 
'onnxLoaded' does not exist on type '{}'.[0m [1m[35m[plugin 
angular-compiler][0m

    src/app/modules/dashboard/dashboard.component.ts:106:118:
[37m      106 Γöé ...cess]="(system$ | async)?.[32monnxLoaded[37m" 
[class.text-status-warni...
          Γò╡                              [32m~~~~~~~~~~[0m


[31mX [41;31m[[41;97mERROR[41;31m][0m [1mTS2551: Property 'system$' 
does not exist on type 'DashboardComponent'. Did you mean 'system'?[0m 
[1m[35m[plugin angular-compiler][0m

    src/app/modules/dashboard/dashboard.component.ts:107:77:
[37m      107 Γöé ...[class.bg-status-success]="([32msystem$[37m | 
async)?.onnxLoaded" [cla...
          Γò╡                                [32m~~~~~~~[0m


[31mX [41;31m[[41;97mERROR[41;31m][0m [1mTS2339: Property 
'onnxLoaded' does not exist on type '{}'.[0m [1m[35m[plugin 
angular-compiler][0m

    src/app/modules/dashboard/dashboard.component.ts:107:95:
[37m      107 Γöé ...cess]="(system$ | async)?.[32monnxLoaded[37m" 
[class.bg-status-warning...
          Γò╡                              [32m~~~~~~~~~~[0m


[31mX [41;31m[[41;97mERROR[41;31m][0m [1mTS2551: Property 'system$' 
does not exist on type 'DashboardComponent'. Did you mean 'system'?[0m 
[1m[35m[plugin angular-compiler][0m

    src/app/modules/dashboard/dashboard.component.ts:108:18:
[37m      108 Γöé               {{ ([32msystem$[37m | 
async)?.onnxLoaded ? 'Online' : 'Stan...
          Γò╡                   [32m~~~~~~~[0m


[31mX [41;31m[[41;97mERROR[41;31m][0m [1mTS2339: Property 
'onnxLoaded' does not exist on type '{}'.[0m [1m[35m[plugin 
angular-compiler][0m

    src/app/modules/dashboard/dashboard.component.ts:108:36:
[37m      108 Γöé ...       {{ (system$ | async)?.[32monnxLoaded[37m ? 
'Online' : 'Standby' }}
          Γò╡                                 [32m~~~~~~~~~~[0m


[31mX [41;31m[[41;97mERROR[41;31m][0m [1mTS2551: Property 'system$' 
does not exist on type 'DashboardComponent'. Did you mean 'system'?[0m 
[1m[35m[plugin angular-compiler][0m

    src/app/modules/dashboard/dashboard.component.ts:113:100:
[37m      113 Γöé ...lass.text-status-success]="([32msystem$[37m | 
async)?.opfsAvailable" [...
          Γò╡                                [32m~~~~~~~[0m


[31mX [41;31m[[41;97mERROR[41;31m][0m [1mTS2339: Property 
'opfsAvailable' does not exist on type '{}'.[0m [1m[35m[plugin 
angular-compiler][0m

    src/app/modules/dashboard/dashboard.component.ts:113:118:
[37m      113 Γöé ...ess]="(system$ | async)?.[32mopfsAvailable[37m" 
[class.text-status-err...
          Γò╡                             [32m~~~~~~~~~~~~~[0m


[31mX [41;31m[[41;97mERROR[41;31m][0m [1mTS2551: Property 'system$' 
does not exist on type 'DashboardComponent'. Did you mean 'system'?[0m 
[1m[35m[plugin angular-compiler][0m

    src/app/modules/dashboard/dashboard.component.ts:114:77:
[37m      114 Γöé ...[class.bg-status-success]="([32msystem$[37m | 
async)?.opfsAvailable" [...
          Γò╡                                [32m~~~~~~~[0m


[31mX [41;31m[[41;97mERROR[41;31m][0m [1mTS2339: Property 
'opfsAvailable' does not exist on type '{}'.[0m [1m[35m[plugin 
angular-compiler][0m

    src/app/modules/dashboard/dashboard.component.ts:114:95:
[37m      114 Γöé ...ess]="(system$ | async)?.[32mopfsAvailable[37m" 
[class.bg-status-error...
          Γò╡                             [32m~~~~~~~~~~~~~[0m


[31mX [41;31m[[41;97mERROR[41;31m][0m [1mTS2551: Property 'system$' 
does not exist on type 'DashboardComponent'. Did you mean 'system'?[0m 
[1m[35m[plugin angular-compiler][0m

    src/app/modules/dashboard/dashboard.component.ts:115:18:
[37m      115 Γöé               {{ ([32msystem$[37m | 
async)?.opfsAvailable ? 'Available' :...
          Γò╡                   [32m~~~~~~~[0m


[31mX [41;31m[[41;97mERROR[41;31m][0m [1mTS2339: Property 
'opfsAvailable' does not exist on type '{}'.[0m [1m[35m[plugin 
angular-compiler][0m

    src/app/modules/dashboard/dashboard.component.ts:115:36:
[37m      115 Γöé ...   {{ (system$ | async)?.[32mopfsAvailable[37m ? 
'Available' : 'Unavai...
          Γò╡                             [32m~~~~~~~~~~~~~[0m


[31mX [41;31m[[41;97mERROR[41;31m][0m [1mTS2551: Property 'system$' 
does not exist on type 'DashboardComponent'. Did you mean 'system'?[0m 
[1m[35m[plugin angular-compiler][0m

    src/app/modules/dashboard/dashboard.component.ts:143:26:
[37m      143 Γöé   isFfmpegStandby$ = this.[32msystem$[37m.pipe(map(s 
=> s?.ffmpegLoaded =...
          Γò╡                           [32m~~~~~~~[0m

  'system' is declared here.

    src/app/modules/dashboard/dashboard.component.ts:134:2:
[37m      134 Γöé   [32msystem[37m = 
this.store.selectSignal(selectSystem);
          Γò╡   [32m~~~~~~[0m


[31mX [41;31m[[41;97mERROR[41;31m][0m [1mTS2339: Property 
'ffmpegLoaded' does not exist on type '{}'.[0m [1m[35m[plugin 
angular-compiler][0m

    src/app/modules/dashboard/dashboard.component.ts:143:51:
[37m      143 Γöé ...system$.pipe(map(s => s?.[32mffmpegLoaded[37m === 
false || s?.ffmpegLo...
          Γò╡                             [32m~~~~~~~~~~~~[0m


[31mX [41;31m[[41;97mERROR[41;31m][0m [1mTS2339: Property 
'ffmpegLoaded' does not exist on type '{}'.[0m [1m[35m[plugin 
angular-compiler][0m

    src/app/modules/dashboard/dashboard.component.ts:143:80:
[37m      143 Γöé ...egLoaded === false || s?.[32mffmpegLoaded[37m === 
null || s?.ffmpegLoa...
          Γò╡                             [32m~~~~~~~~~~~~[0m


[31mX [41;31m[[41;97mERROR[41;31m][0m [1mTS2339: Property 
'ffmpegLoaded' does not exist on type '{}'.[0m [1m[35m[plugin 
angular-compiler][0m

    src/app/modules/dashboard/dashboard.component.ts:143:108:
[37m      143 Γöé ...e || s?.ffmpegLoaded === null || 
s?.[32mffmpegLoaded[37m === undefined));
          Γò╡                                        [32m~~~~~~~~~~~~[0m


[31mX [41;31m[[41;97mERROR[41;31m][0m [1mTS2551: Property 'system$' 
does not exist on type 'DashboardComponent'. Did you mean 'system'?[0m 
[1m[35m[plugin angular-compiler][0m

    src/app/modules/dashboard/dashboard.component.ts:144:24:
[37m      144 Γöé   isOnnxStandby$ = this.[32msystem$[37m.pipe(map(s => 
s?.onnxLoaded === f...
          Γò╡                         [32m~~~~~~~[0m

  'system' is declared here.

    src/app/modules/dashboard/dashboard.component.ts:134:2:
[37m      134 Γöé   [32msystem[37m = 
this.store.selectSignal(selectSystem);
          Γò╡   [32m~~~~~~[0m


[31mX [41;31m[[41;97mERROR[41;31m][0m [1mTS2339: Property 
'onnxLoaded' does not exist on type '{}'.[0m [1m[35m[plugin 
angular-compiler][0m

    src/app/modules/dashboard/dashboard.component.ts:144:49:
[37m      144 Γöé ....system$.pipe(map(s => s?.[32monnxLoaded[37m === 
false || s?.onnxLoade...
          Γò╡                              [32m~~~~~~~~~~[0m


[31mX [41;31m[[41;97mERROR[41;31m][0m [1mTS2339: Property 
'onnxLoaded' does not exist on type '{}'.[0m [1m[35m[plugin 
angular-compiler][0m

    src/app/modules/dashboard/dashboard.component.ts:144:76:
[37m      144 Γöé ...nnxLoaded === false || s?.[32monnxLoaded[37m === 
null || s?.onnxLoaded...
          Γò╡                              [32m~~~~~~~~~~[0m


[31mX [41;31m[[41;97mERROR[41;31m][0m [1mTS2339: Property 
'onnxLoaded' does not exist on type '{}'.[0m [1m[35m[plugin 
angular-compiler][0m

    src/app/modules/dashboard/dashboard.component.ts:144:102:
[37m      144 Γöé ...false || s?.onnxLoaded === null || 
s?.[32monnxLoaded[37m === undefined));
          Γò╡                                          [32m~~~~~~~~~~[0m


[31mX [41;31m[[41;97mERROR[41;31m][0m [1mTS2551: Property 'system$' 
does not exist on type 'DashboardComponent'. Did you mean 'system'?[0m 
[1m[35m[plugin angular-compiler][0m

    src/app/modules/dashboard/dashboard.component.ts:145:28:
[37m      145 Γöé   isOpfsUnavailable$ = 
this.[32msystem$[37m.pipe(map(s => s?.opfsAvailabl...
          Γò╡                             [32m~~~~~~~[0m

  'system' is declared here.

    src/app/modules/dashboard/dashboard.component.ts:134:2:
[37m      134 Γöé   [32msystem[37m = 
this.store.selectSignal(selectSystem);
          Γò╡   [32m~~~~~~[0m


[31mX [41;31m[[41;97mERROR[41;31m][0m [1mTS2339: Property 
'opfsAvailable' does not exist on type '{}'.[0m [1m[35m[plugin 
angular-compiler][0m

    src/app/modules/dashboard/dashboard.component.ts:145:53:
[37m      145 Γöé ...system$.pipe(map(s => s?.[32mopfsAvailable[37m === 
false || s?.opfsAva...
          Γò╡                             [32m~~~~~~~~~~~~~[0m


[31mX [41;31m[[41;97mERROR[41;31m][0m [1mTS2339: Property 
'opfsAvailable' does not exist on type '{}'.[0m [1m[35m[plugin 
angular-compiler][0m

    src/app/modules/dashboard/dashboard.component.ts:145:83:
[37m      145 Γöé ...vailable === false || s?.[32mopfsAvailable[37m === 
null || s?.opfsAvai...
          Γò╡                             [32m~~~~~~~~~~~~~[0m


[31mX [41;31m[[41;97mERROR[41;31m][0m [1mTS2339: Property 
'opfsAvailable' does not exist on type '{}'.[0m [1m[35m[plugin 
angular-compiler][0m

    src/app/modules/dashboard/dashboard.component.ts:145:112:
[37m      145 Γöé ...|| s?.opfsAvailable === null || 
s?.[32mopfsAvailable[37m === undefined));
          Γò╡                                       [32m~~~~~~~~~~~~~[0m


[31mX [41;31m[[41;97mERROR[41;31m][0m [1mTS18047: 'ffmpeg' is 
possibly 'null'.[0m [1m[35m[plugin angular-compiler][0m

    src/app/modules/video/02-merger/merger.worker.ts:31:8:
[37m      31 Γöé   await [32mffmpeg[37m.writeFile(name, await 
fetchFile(clip.file || clip));
         Γò╡         [32m~~~~~~[0m

[39m[22m
