[33mΓ¥»[39m Building...
[32mΓ£ö[39m Building...
[35mPrerendered 0 static routes.[39m
Application bundle generation failed. [10.193 seconds] - 2026-03-18T10:41:48.452Z

node.exe : [1m[31m[31mX [41;31m[[41;97mERROR[41;31m][0m [1mTS2305: Module '"@angular/platform-server"' has no exported member 'provideServer'.[0m [1m[35m[plugin angular-compiler][0m
At line:1 char:1
+ & "C:\Program Files\nodejs/node.exe" "C:\Users\IKYY\AppData\Roaming\n ...
+ ~~~~~~~~~~~~~~~~~~~~~~~~~~~~~~~~~~~~~~~~~~~~~~~~~~~~~~~~~~~~~~~~~~~~~
    + CategoryInfo          : NotSpecified: ([1m[31m[31mX...r-compiler][0m:String) [], RemoteException
    + FullyQualifiedErrorId : NativeCommandError
 

    src/app/app.config.server.ts:3:8:
[37m      3 Γöé import {[32mprovideServer[37m, ServerConfig} from '@angular/platform-server';
        Γò╡         [32m~~~~~~~~~~~~~[0m


[31mX [41;31m[[41;97mERROR[41;31m][0m [1mTS2305: Module '"@angular/platform-server"' has no exported member 'ServerConfig'.[0m [1m[35m[plugin angular-compiler][0m

    src/app/app.config.server.ts:3:23:
[37m      3 Γöé import {provideServer, [32mServerConfig[37m} from '@angular/platform-server';
        Γò╡                        [32m~~~~~~~~~~~~[0m


[31mX [41;31m[[41;97mERROR[41;31m][0m [1mTS2741: Property 'bitrate' is missing in type '{ inputFile: null; inputText: string; outputFormat: string; outputBlob: null; outputText: string; status: "idle"; progress: number; outputSizeMB: null; 
errorCode: null; errorMessage: null; retryable: false; }' but required in type 'AudioConverterState'.[0m [1m[35m[plugin angular-compiler][0m

    src/app/modules/converter/03-audio-converter/audio-converter.store.ts:22:6:
[37m      22 Γöé const [32minitialState[37m: AudioConverterState = {
         Γò╡       [32m~~~~~~~~~~~~[0m

  'bitrate' is declared here.

    src/app/modules/converter/03-audio-converter/audio-converter.store.ts:8:2:
[37m      8 Γöé   [32mbitrate[37m: string;
        Γò╡   [32m~~~~~~~[0m


[31mX [41;31m[[41;97mERROR[41;31m][0m [1mTS2741: Property 'options' is missing in type '{ inputFile: null; inputText: string; outputFormat: string; outputBlob: null; outputText: string; status: "idle"; progress: number; outputSizeMB: null; 
errorCode: null; errorMessage: null; retryable: false; }' but required in type 'DocumentConverterState'.[0m [1m[35m[plugin angular-compiler][0m

    src/app/modules/converter/04-document-converter/document-converter.store.ts:22:6:
[37m      22 Γöé const [32minitialState[37m: DocumentConverterState = {
         Γò╡       [32m~~~~~~~~~~~~[0m

  'options' is declared here.

    src/app/modules/converter/04-document-converter/document-converter.store.ts:8:2:
[37m      8 Γöé   [32moptions[37m: any;
        Γò╡   [32m~~~~~~~[0m


[31mX [41;31m[[41;97mERROR[41;31m][0m [1mTS2739: Type '{ inputFile: null; inputText: string; outputFormat: string; outputBlob: null; outputText: string; status: "idle"; progress: number; outputSizeMB: null; errorCode: null; errorMessage: null; 
retryable: false; }' is missing the following properties from type 'ImageResizerState': width, height, maintainAspectRatio[0m [1m[35m[plugin angular-compiler][0m

    src/app/modules/converter/05-image-resizer/image-resizer.store.ts:24:6:
[37m      24 Γöé const [32minitialState[37m: ImageResizerState = {
         Γò╡       [32m~~~~~~~~~~~~[0m


[31mX [41;31m[[41;97mERROR[41;31m][0m [1mTS2739: Type '{ inputFile: null; inputText: string; outputFormat: string; outputBlob: null; outputText: string; status: "idle"; progress: number; outputSizeMB: null; errorCode: null; errorMessage: null; 
retryable: false; }' is missing the following properties from type 'ImageCompressorState': quality, maxSizeMB[0m [1m[35m[plugin angular-compiler][0m

    src/app/modules/converter/06-image-compressor/image-compressor.store.ts:23:6:
[37m      23 Γöé const [32minitialState[37m: ImageCompressorState = {
         Γò╡       [32m~~~~~~~~~~~~[0m


[31mX [41;31m[[41;97mERROR[41;31m][0m [1mTS2741: Property 'scale' is missing in type '{ inputFile: null; inputText: string; outputFormat: string; outputBlob: null; outputText: string; status: "idle"; progress: number; outputSizeMB: null; 
errorCode: null; errorMessage: null; retryable: false; }' but required in type 'SvgConverterState'.[0m [1m[35m[plugin angular-compiler][0m

    src/app/modules/converter/07-svg-converter/svg-converter.store.ts:22:6:
[37m      22 Γöé const [32minitialState[37m: SvgConverterState = {
         Γò╡       [32m~~~~~~~~~~~~[0m

  'scale' is declared here.

    src/app/modules/converter/07-svg-converter/svg-converter.store.ts:8:2:
[37m      8 Γöé   [32mscale[37m: number;
        Γò╡   [32m~~~~~[0m


[31mX [41;31m[[41;97mERROR[41;31m][0m [1mTS2741: Property 'wrapLines' is missing in type '{ inputFile: null; inputText: string; outputFormat: string; outputBlob: null; outputText: string; status: "idle"; progress: number; outputSizeMB: null; 
errorCode: null; errorMessage: null; retryable: false; }' but required in type 'Base64EncoderState'.[0m [1m[35m[plugin angular-compiler][0m

    src/app/modules/converter/08-base64-encoder/base64-encoder.store.ts:22:6:
[37m      22 Γöé const [32minitialState[37m: Base64EncoderState = {
         Γò╡       [32m~~~~~~~~~~~~[0m

  'wrapLines' is declared here.

    src/app/modules/converter/08-base64-encoder/base64-encoder.store.ts:8:2:
[37m      8 Γöé   [32mwrapLines[37m: boolean;
        Γò╡   [32m~~~~~~~~~[0m


[31mX [41;31m[[41;97mERROR[41;31m][0m [1mTS2739: Type '{ inputFile: null; inputText: string; outputFormat: string; outputBlob: null; outputText: string; status: "idle"; progress: number; outputSizeMB: null; errorCode: null; errorMessage: null; 
retryable: false; }' is missing the following properties from type 'JsonConverterState': beautify, indent[0m [1m[35m[plugin angular-compiler][0m

    src/app/modules/converter/09-json-converter/json-converter.store.ts:23:6:
[37m      23 Γöé const [32minitialState[37m: JsonConverterState = {
         Γò╡       [32m~~~~~~~~~~~~[0m


[31mX [41;31m[[41;97mERROR[41;31m][0m [1mTS2739: Type '{ inputFile: null; inputText: string; outputFormat: string; outputBlob: null; outputText: string; status: "idle"; progress: number; outputSizeMB: null; errorCode: null; errorMessage: null; 
retryable: false; }' is missing the following properties from type 'CsvConverterState': delimiter, hasHeaders[0m [1m[35m[plugin angular-compiler][0m

    src/app/modules/converter/10-csv-converter/csv-converter.store.ts:23:6:
[37m      23 Γöé const [32minitialState[37m: CsvConverterState = {
         Γò╡       [32m~~~~~~~~~~~~[0m


[31mX [41;31m[[41;97mERROR[41;31m][0m [1mTS2739: Type '{ inputFile: null; inputText: string; outputFormat: string; outputBlob: null; outputText: string; status: "idle"; progress: number; outputSizeMB: null; errorCode: null; errorMessage: null; 
retryable: false; }' is missing the following properties from type 'MarkdownConverterState': flavor, sanitize[0m [1m[35m[plugin angular-compiler][0m

    src/app/modules/converter/11-markdown-converter/markdown-converter.store.ts:23:6:
[37m      23 Γöé const [32minitialState[37m: MarkdownConverterState = {
         Γò╡       [32m~~~~~~~~~~~~[0m


[31mX [41;31m[[41;97mERROR[41;31m][0m [1mTS2739: Type '{ inputFile: null; inputText: string; outputFormat: string; outputBlob: null; outputText: string; status: "idle"; progress: number; outputSizeMB: null; errorCode: null; errorMessage: null; 
retryable: false; }' is missing the following properties from type 'HtmlConverterState': minify, removeComments[0m [1m[35m[plugin angular-compiler][0m

    src/app/modules/converter/12-html-converter/html-converter.store.ts:23:6:
[37m      23 Γöé const [32minitialState[37m: HtmlConverterState = {
         Γò╡       [32m~~~~~~~~~~~~[0m


[31mX [41;31m[[41;97mERROR[41;31m][0m [1mTS2739: Type '{ inputFile: null; inputText: string; outputFormat: string; outputBlob: null; outputText: string; status: "idle"; progress: number; outputSizeMB: null; errorCode: null; errorMessage: null; 
retryable: false; }' is missing the following properties from type 'UnitConverterState': fromUnit, toUnit[0m [1m[35m[plugin angular-compiler][0m

    src/app/modules/converter/14-unit-converter/unit-converter.store.ts:23:6:
[37m      23 Γöé const [32minitialState[37m: UnitConverterState = {
         Γò╡       [32m~~~~~~~~~~~~[0m


[31mX [41;31m[[41;97mERROR[41;31m][0m [1mTS2739: Type '{ inputFile: null; inputText: string; outputFormat: string; outputBlob: null; outputText: string; status: "idle"; progress: number; outputSizeMB: null; errorCode: null; errorMessage: null; 
retryable: false; }' is missing the following properties from type 'CurrencyConverterState': fromCurrency, toCurrency[0m [1m[35m[plugin angular-compiler][0m

    src/app/modules/converter/15-currency-converter/currency-converter.store.ts:23:6:
[37m      23 Γöé const [32minitialState[37m: CurrencyConverterState = {
         Γò╡       [32m~~~~~~~~~~~~[0m


[31mX [41;31m[[41;97mERROR[41;31m][0m [1mTS2739: Type '{ inputFile: null; inputText: string; outputFormat: string; outputBlob: null; outputText: string; status: "idle"; progress: number; outputSizeMB: null; errorCode: null; errorMessage: null; 
retryable: false; }' is missing the following properties from type 'TimezoneConverterState': fromZone, toZone[0m [1m[35m[plugin angular-compiler][0m

    src/app/modules/converter/16-timezone-converter/timezone-converter.store.ts:23:6:
[37m      23 Γöé const [32minitialState[37m: TimezoneConverterState = {
         Γò╡       [32m~~~~~~~~~~~~[0m


[31mX [41;31m[[41;97mERROR[41;31m][0m [1mTS2739: Type '{ inputFile: null; inputText: string; outputFormat: string; outputBlob: null; outputText: string; status: "idle"; progress: number; outputSizeMB: null; errorCode: null; errorMessage: null; 
retryable: false; }' is missing the following properties from type 'NumberBaseConverterState': fromBase, toBase[0m [1m[35m[plugin angular-compiler][0m

    src/app/modules/converter/17-number-base-converter/number-base-converter.store.ts:23:6:
[37m      23 Γöé const [32minitialState[37m: NumberBaseConverterState = {
         Γò╡       [32m~~~~~~~~~~~~[0m


[31mX [41;31m[[41;97mERROR[41;31m][0m [1mTS2739: Type '{ inputFile: null; inputText: string; outputFormat: string; outputBlob: null; outputText: string; status: "idle"; progress: number; outputSizeMB: null; errorCode: null; errorMessage: null; 
retryable: false; }' is missing the following properties from type 'EncodingConverterState': fromEncoding, toEncoding[0m [1m[35m[plugin angular-compiler][0m

    src/app/modules/converter/18-encoding-converter/encoding-converter.store.ts:23:6:
[37m      23 Γöé const [32minitialState[37m: EncodingConverterState = {
         Γò╡       [32m~~~~~~~~~~~~[0m


[31mX [41;31m[[41;97mERROR[41;31m][0m [1mTS2741: Property 'compressionLevel' is missing in type '{ inputFile: null; inputText: string; outputFormat: string; outputBlob: null; outputText: string; status: "idle"; progress: number; outputSizeMB: 
null; errorCode: null; errorMessage: null; retryable: false; }' but required in type 'ArchiveConverterState'.[0m [1m[35m[plugin angular-compiler][0m

    src/app/modules/converter/21-archive-converter/archive-converter.store.ts:22:6:
[37m      22 Γöé const [32minitialState[37m: ArchiveConverterState = {
         Γò╡       [32m~~~~~~~~~~~~[0m

  'compressionLevel' is declared here.

    src/app/modules/converter/21-archive-converter/archive-converter.store.ts:8:2:
[37m      8 Γöé   [32mcompressionLevel[37m: number;
        Γò╡   [32m~~~~~~~~~~~~~~~~[0m


[31mX [41;31m[[41;97mERROR[41;31m][0m [1mTS2339: Property 'unit' does not exist on type 'CadConverterState'.[0m [1m[35m[plugin angular-compiler][0m

    src/app/modules/converter/22-cad-converter/cad-converter.component.ts:110:79:
[37m      110 Γöé ...e.inputFile, outputFormat: state.outputFormat, unit: state.[32munit[37m }
          Γò╡                                                               [32m~~~~[0m


[31mX [41;31m[[41;97mERROR[41;31m][0m [1mTS2339: Property 'fps' does not exist on type 'SubtitleConverterState'.[0m [1m[35m[plugin angular-compiler][0m

    src/app/modules/converter/23-subtitle-converter/subtitle-converter.component.ts:119:106:
[37m      119 Γöé ...ate.inputText, outputFormat: state.outputFormat, fps: state.[32mfps[37m }
          Γò╡                                                                [32m~~~[0m


[31mX [41;31m[[41;97mERROR[41;31m][0m [1mTS2339: Property 'sheetName' does not exist on type 'SpreadsheetConverterState'.[0m [1m[35m[plugin angular-compiler][0m

    src/app/modules/converter/24-spreadsheet-converter/spreadsheet-converter.component.ts:109:84:
[37m      109 Γöé ...e, outputFormat: state.outputFormat, sheetName: state.[32msheetName[37m }
          Γò╡                                                          [32m~~~~~~~~~[0m


[31mX [41;31m[[41;97mERROR[41;31m][0m [1mTS2739: Type '{ inputFile: null; inputText: string; outputFormat: string; outputBlob: null; outputText: string; status: "idle"; progress: number; outputSizeMB: null; errorCode: null; errorMessage: null; 
retryable: false; }' is missing the following properties from type 'QrGeneratorState': size, eccLevel, color, bgColor[0m [1m[35m[plugin angular-compiler][0m

    src/app/modules/converter/25-qr-generator/qr-generator.store.ts:25:6:
[37m      25 Γöé const [32minitialState[37m: QrGeneratorState = {
         Γò╡       [32m~~~~~~~~~~~~[0m


[31mX [41;31m[[41;97mERROR[41;31m][0m [1mTS2739: Type '{ inputFile: null; inputText: string; outputFormat: string; outputBlob: null; outputText: string; status: "idle"; progress: number; outputSizeMB: null; errorCode: null; errorMessage: null; 
retryable: false; }' is missing the following properties from type 'BarcodeGeneratorState': height, displayValue[0m [1m[35m[plugin angular-compiler][0m

    src/app/modules/converter/26-barcode-generator/barcode-generator.store.ts:23:6:
[37m      23 Γöé const [32minitialState[37m: BarcodeGeneratorState = {
         Γò╡       [32m~~~~~~~~~~~~[0m


[31mX [41;31m[[41;97mERROR[41;31m][0m [1mTS2741: Property 'sizes' is missing in type '{ inputFile: null; inputText: string; outputFormat: string; outputBlob: null; outputText: string; status: "idle"; progress: number; outputSizeMB: null; 
errorCode: null; errorMessage: null; retryable: false; }' but required in type 'IcoConverterState'.[0m [1m[35m[plugin angular-compiler][0m

    src/app/modules/converter/27-ico-converter/ico-converter.store.ts:22:6:
[37m      22 Γöé const [32minitialState[37m: IcoConverterState = {
         Γò╡       [32m~~~~~~~~~~~~[0m

  'sizes' is declared here.

    src/app/modules/converter/27-ico-converter/ico-converter.store.ts:8:2:
[37m      8 Γöé   [32msizes[37m: number[];
        Γò╡   [32m~~~~~[0m


[31mX [41;31m[[41;97mERROR[41;31m][0m [1mTS2739: Type '{ inputFile: null; inputText: string; outputFormat: string; outputBlob: null; outputText: string; status: "idle"; progress: number; outputSizeMB: null; errorCode: null; errorMessage: null; 
retryable: false; }' is missing the following properties from type 'GifConverterState': fps, scale[0m [1m[35m[plugin angular-compiler][0m

    src/app/modules/converter/28-gif-converter/gif-converter.store.ts:23:6:
[37m      23 Γöé const [32minitialState[37m: GifConverterState = {
         Γò╡       [32m~~~~~~~~~~~~[0m


[31mX [41;31m[[41;97mERROR[41;31m][0m [1mTS2739: Type '{ inputFile: null; inputText: string; outputFormat: string; outputBlob: null; outputText: string; status: "idle"; progress: number; outputSizeMB: null; errorCode: null; errorMessage: null; 
retryable: false; }' is missing the following properties from type 'RawImageConverterState': exposure, contrast[0m [1m[35m[plugin angular-compiler][0m

    src/app/modules/converter/29-raw-image-converter/raw-image-converter.store.ts:23:6:
[37m      23 Γöé const [32minitialState[37m: RawImageConverterState = {
         Γò╡       [32m~~~~~~~~~~~~[0m


[31mX [41;31m[[41;97mERROR[41;31m][0m [1mTS2339: Property 'concurrentTasks' does not exist on type 'BatchConverterState'.[0m [1m[35m[plugin angular-compiler][0m

    src/app/modules/converter/30-batch-converter/batch-converter.component.ts:121:87:
[37m      121 Γöé ...utFormat: state.outputFormat, concurrent: state.[32mconcurrentTasks[37m }
          Γò╡                                                    [32m~~~~~~~~~~~~~~~[0m


[31mX [41;31m[[41;97mERROR[41;31m][0m [1mTS2322: Type 'Blob | null' is not assignable to type 'WritableSignal<Blob | null>'.
  Type 'null' is not assignable to type 'WritableSignal<Blob | null>'.[0m [1m[35m[plugin angular-compiler][0m

    src/app/modules/video/01-trimmer/trimmer.component.ts:91:31:
[37m      91 Γöé ...        <app-export-panel [[32moutputBlob[37m]="(state$ | async)?.outpu...
         Γò╡                               [32m~~~~~~~~~~[0m


[31mX [41;31m[[41;97mERROR[41;31m][0m [1mTS2322: Type 'number | null' is not assignable to type 'WritableSignal<number | null>'.
  Type 'null' is not assignable to type 'WritableSignal<number | null>'.[0m [1m[35m[plugin angular-compiler][0m

    src/app/modules/video/01-trimmer/trimmer.component.ts:91:83:
[37m      91 Γöé ...nc)?.outputBlob ?? null" [[32moutputSizeMB[37m]="(state$ | async)?.outp...
         Γò╡                              [32m~~~~~~~~~~~~[0m


[31mX [41;31m[[41;97mERROR[41;31m][0m [1mTS2322: Type 'Blob | null' is not assignable to type 'WritableSignal<Blob | null>'.
  Type 'null' is not assignable to type 'WritableSignal<Blob | null>'.[0m [1m[35m[plugin angular-compiler][0m

    src/app/modules/video/02-merger/merger.component.ts:78:31:
[37m      78 Γöé ...        <app-export-panel [[32moutputBlob[37m]="(state$ | async)?.outpu...
         Γò╡                               [32m~~~~~~~~~~[0m


[31mX [41;31m[[41;97mERROR[41;31m][0m [1mTS2322: Type 'number | null' is not assignable to type 'WritableSignal<number | null>'.
  Type 'null' is not assignable to type 'WritableSignal<number | null>'.[0m [1m[35m[plugin angular-compiler][0m

    src/app/modules/video/02-merger/merger.component.ts:78:83:
[37m      78 Γöé ...nc)?.outputBlob ?? null" [[32moutputSizeMB[37m]="(state$ | async)?.outp...
         Γò╡                              [32m~~~~~~~~~~~~[0m


[31mX [41;31m[[41;97mERROR[41;31m][0m [1mTS2322: Type 'Blob | null' is not assignable to type 'WritableSignal<Blob | null>'.
  Type 'null' is not assignable to type 'WritableSignal<Blob | null>'.[0m [1m[35m[plugin angular-compiler][0m

    src/app/modules/video/04-compressor/compressor.component.ts:121:33:
[37m      121 Γöé ...       <app-export-panel [[32moutputBlob[37m]="(state$ | async)?.outpu...
          Γò╡                              [32m~~~~~~~~~~[0m


[31mX [41;31m[[41;97mERROR[41;31m][0m [1mTS2322: Type 'number | null' is not assignable to type 'WritableSignal<number | null>'.
  Type 'null' is not assignable to type 'WritableSignal<number | null>'.[0m [1m[35m[plugin angular-compiler][0m

    src/app/modules/video/04-compressor/compressor.component.ts:122:17:
[37m      122 Γöé                 [[32moutputSizeMB[37m]="(state$ | async)?.outputSizeMB ??...
          Γò╡                  [32m~~~~~~~~~~~~[0m


[31mX [41;31m[[41;97mERROR[41;31m][0m [1mTS2322: Type 'Blob | null' is not assignable to type 'WritableSignal<Blob | null>'.
  Type 'null' is not assignable to type 'WritableSignal<Blob | null>'.[0m [1m[35m[plugin angular-compiler][0m

    src/app/modules/video/05-stabilizer/stabilizer.component.ts:130:31:
[37m      130 Γöé ...       <app-export-panel [[32moutputBlob[37m]="(state$ | async)?.outpu...
          Γò╡                              [32m~~~~~~~~~~[0m


[31mX [41;31m[[41;97mERROR[41;31m][0m [1mTS2322: Type 'number | null' is not assignable to type 'WritableSignal<number | null>'.
  Type 'null' is not assignable to type 'WritableSignal<number | null>'.[0m [1m[35m[plugin angular-compiler][0m

    src/app/modules/video/05-stabilizer/stabilizer.component.ts:131:15:
[37m      131 Γöé               [[32moutputSizeMB[37m]="(state$ | async)?.outputSizeMB ?? n...
          Γò╡                [32m~~~~~~~~~~~~[0m


[31mX [41;31m[[41;97mERROR[41;31m][0m [1mTS2322: Type 'Blob | null' is not assignable to type 'WritableSignal<Blob | null>'.
  Type 'null' is not assignable to type 'WritableSignal<Blob | null>'.[0m [1m[35m[plugin angular-compiler][0m

    src/app/modules/video/06-reverser/reverser.component.ts:113:31:
[37m      113 Γöé ...       <app-export-panel [[32moutputBlob[37m]="(state$ | async)?.outpu...
          Γò╡                              [32m~~~~~~~~~~[0m


[31mX [41;31m[[41;97mERROR[41;31m][0m [1mTS2322: Type 'number | null' is not assignable to type 'WritableSignal<number | null>'.
  Type 'null' is not assignable to type 'WritableSignal<number | null>'.[0m [1m[35m[plugin angular-compiler][0m

    src/app/modules/video/06-reverser/reverser.component.ts:114:15:
[37m      114 Γöé               [[32moutputSizeMB[37m]="(state$ | async)?.outputSizeMB ?? n...
          Γò╡                [32m~~~~~~~~~~~~[0m


[31mX [41;31m[[41;97mERROR[41;31m][0m [1mTS2322: Type 'Blob | null' is not assignable to type 'WritableSignal<Blob | null>'.
  Type 'null' is not assignable to type 'WritableSignal<Blob | null>'.[0m [1m[35m[plugin angular-compiler][0m

    src/app/modules/video/07-speed-controller/speedController.component.ts:121:31:
[37m      121 Γöé ...       <app-export-panel [[32moutputBlob[37m]="(state$ | async)?.outpu...
          Γò╡                              [32m~~~~~~~~~~[0m


[31mX [41;31m[[41;97mERROR[41;31m][0m [1mTS2322: Type 'number | null' is not assignable to type 'WritableSignal<number | null>'.
  Type 'null' is not assignable to type 'WritableSignal<number | null>'.[0m [1m[35m[plugin angular-compiler][0m

    src/app/modules/video/07-speed-controller/speedController.component.ts:122:15:
[37m      122 Γöé               [[32moutputSizeMB[37m]="(state$ | async)?.outputSizeMB ?? n...
          Γò╡                [32m~~~~~~~~~~~~[0m


[31mX [41;31m[[41;97mERROR[41;31m][0m [1mTS2322: Type 'Blob | null' is not assignable to type 'WritableSignal<Blob | null>'.
  Type 'null' is not assignable to type 'WritableSignal<Blob | null>'.[0m [1m[35m[plugin angular-compiler][0m

    src/app/modules/video/08-looper/looper.component.ts:115:31:
[37m      115 Γöé ...       <app-export-panel [[32moutputBlob[37m]="(state$ | async)?.outpu...
          Γò╡                              [32m~~~~~~~~~~[0m


[31mX [41;31m[[41;97mERROR[41;31m][0m [1mTS2322: Type 'number | null' is not assignable to type 'WritableSignal<number | null>'.
  Type 'null' is not assignable to type 'WritableSignal<number | null>'.[0m [1m[35m[plugin angular-compiler][0m

    src/app/modules/video/08-looper/looper.component.ts:116:15:
[37m      116 Γöé               [[32moutputSizeMB[37m]="(state$ | async)?.outputSizeMB ?? n...
          Γò╡                [32m~~~~~~~~~~~~[0m


[31mX [41;31m[[41;97mERROR[41;31m][0m [1mTS2322: Type 'Blob | null' is not assignable to type 'WritableSignal<Blob | null>'.
  Type 'null' is not assignable to type 'WritableSignal<Blob | null>'.[0m [1m[35m[plugin angular-compiler][0m

    src/app/modules/video/09-flip-rotate/flipRotate.component.ts:125:31:
[37m      125 Γöé ...       <app-export-panel [[32moutputBlob[37m]="(state$ | async)?.outpu...
          Γò╡                              [32m~~~~~~~~~~[0m


[31mX [41;31m[[41;97mERROR[41;31m][0m [1mTS2322: Type 'number | null' is not assignable to type 'WritableSignal<number | null>'.
  Type 'null' is not assignable to type 'WritableSignal<number | null>'.[0m [1m[35m[plugin angular-compiler][0m

    src/app/modules/video/09-flip-rotate/flipRotate.component.ts:125:83:
[37m      125 Γöé ...c)?.outputBlob ?? null" [[32moutputSizeMB[37m]="(state$ | async)?.outp...
          Γò╡                             [32m~~~~~~~~~~~~[0m


[31mX [41;31m[[41;97mERROR[41;31m][0m [1mTS2322: Type 'Blob | null' is not assignable to type 'WritableSignal<Blob | null>'.
  Type 'null' is not assignable to type 'WritableSignal<Blob | null>'.[0m [1m[35m[plugin angular-compiler][0m

    src/app/modules/video/10-crop-resize/cropResize.component.ts:120:31:
[37m      120 Γöé ...       <app-export-panel [[32moutputBlob[37m]="(state$ | async)?.outpu...
          Γò╡                              [32m~~~~~~~~~~[0m


[31mX [41;31m[[41;97mERROR[41;31m][0m [1mTS2322: Type 'number | null' is not assignable to type 'WritableSignal<number | null>'.
  Type 'null' is not assignable to type 'WritableSignal<number | null>'.[0m [1m[35m[plugin angular-compiler][0m

    src/app/modules/video/10-crop-resize/cropResize.component.ts:120:83:
[37m      120 Γöé ...c)?.outputBlob ?? null" [[32moutputSizeMB[37m]="(state$ | async)?.outp...
          Γò╡                             [32m~~~~~~~~~~~~[0m


[31mX [41;31m[[41;97mERROR[41;31m][0m [1mTS2322: Type 'Blob | null' is not assignable to type 'WritableSignal<Blob | null>'.
  Type 'null' is not assignable to type 'WritableSignal<Blob | null>'.[0m [1m[35m[plugin angular-compiler][0m

    src/app/modules/video/11-color-grading/colorGrading.component.ts:130:31:
[37m      130 Γöé ...       <app-export-panel [[32moutputBlob[37m]="(state$ | async)?.outpu...
          Γò╡                              [32m~~~~~~~~~~[0m


[31mX [41;31m[[41;97mERROR[41;31m][0m [1mTS2322: Type 'number | null' is not assignable to type 'WritableSignal<number | null>'.
  Type 'null' is not assignable to type 'WritableSignal<number | null>'.[0m [1m[35m[plugin angular-compiler][0m

    src/app/modules/video/11-color-grading/colorGrading.component.ts:130:83:
[37m      130 Γöé ...c)?.outputBlob ?? null" [[32moutputSizeMB[37m]="(state$ | async)?.outp...
          Γò╡                             [32m~~~~~~~~~~~~[0m


[31mX [41;31m[[41;97mERROR[41;31m][0m [1mTS2322: Type 'Blob | null' is not assignable to type 'WritableSignal<Blob | null>'.
  Type 'null' is not assignable to type 'WritableSignal<Blob | null>'.[0m [1m[35m[plugin angular-compiler][0m

    src/app/modules/video/12-subtitle-burner/subtitleBurner.component.ts:103:73:
[37m      103 Γöé ...ne') { <app-export-panel [[32moutputBlob[37m]="(state$ | async)?.outpu...
          Γò╡                              [32m~~~~~~~~~~[0m


[31mX [41;31m[[41;97mERROR[41;31m][0m [1mTS2322: Type 'number | null' is not assignable to type 'WritableSignal<number | null>'.
  Type 'null' is not assignable to type 'WritableSignal<number | null>'.[0m [1m[35m[plugin angular-compiler][0m

    src/app/modules/video/12-subtitle-burner/subtitleBurner.component.ts:103:125:
[37m      103 Γöé ...c)?.outputBlob ?? null" [[32moutputSizeMB[37m]="(state$ | async)?.outp...
          Γò╡                             [32m~~~~~~~~~~~~[0m


[31mX [41;31m[[41;97mERROR[41;31m][0m [1mTS2322: Type 'Blob | null' is not assignable to type 'WritableSignal<Blob | null>'.
  Type 'null' is not assignable to type 'WritableSignal<Blob | null>'.[0m [1m[35m[plugin angular-compiler][0m

    src/app/modules/video/13-thumbnail-generator/thumbnailGenerator.component.ts:120:31:
[37m      120 Γöé ...       <app-export-panel [[32moutputBlob[37m]="(state$ | async)?.outpu...
          Γò╡                              [32m~~~~~~~~~~[0m


[31mX [41;31m[[41;97mERROR[41;31m][0m [1mTS2322: Type 'number | null' is not assignable to type 'WritableSignal<number | null>'.
  Type 'null' is not assignable to type 'WritableSignal<number | null>'.[0m [1m[35m[plugin angular-compiler][0m

    src/app/modules/video/13-thumbnail-generator/thumbnailGenerator.component.ts:120:83:
[37m      120 Γöé ...c)?.outputBlob ?? null" [[32moutputSizeMB[37m]="(state$ | async)?.outp...
          Γò╡                             [32m~~~~~~~~~~~~[0m


[31mX [41;31m[[41;97mERROR[41;31m][0m [1mNG8002: Can't bind to 'availableFormats' since it isn't a known property of 'app-export-panel'.
1. If 'app-export-panel' is an Angular component and it has 'availableFormats' input, then verify that it is included in the '@Component.imports' of this component.
2. If 'app-export-panel' is a Web Component then add 'CUSTOM_ELEMENTS_SCHEMA' to the '@Component.schemas' of this component to suppress this message.
3. To allow any property add 'NO_ERRORS_SCHEMA' to the '@Component.schemas' of this component.[0m [1m[35m[plugin angular-compiler][0m

    src/app/modules/video/13-thumbnail-generator/thumbnailGenerator.component.ts:121:14:
[37m      121 Γöé               [32m[availableFormats]="['png']"[37m defaultFilename="omni_...
          Γò╡               [32m~~~~~~~~~~~~~~~~~~~~~~~~~~~~[0m


[31mX [41;31m[[41;97mERROR[41;31m][0m [1mTS2322: Type 'Blob | null' is not assignable to type 'WritableSignal<Blob | null>'.
  Type 'null' is not assignable to type 'WritableSignal<Blob | null>'.[0m [1m[35m[plugin angular-compiler][0m

    src/app/modules/video/14-watermark/watermark.component.ts:89:73:
[37m      89 Γöé ...one') { <app-export-panel [[32moutputBlob[37m]="(state$ | async)?.outpu...
         Γò╡                               [32m~~~~~~~~~~[0m


[31mX [41;31m[[41;97mERROR[41;31m][0m [1mTS2322: Type 'number | null' is not assignable to type 'WritableSignal<number | null>'.
  Type 'null' is not assignable to type 'WritableSignal<number | null>'.[0m [1m[35m[plugin angular-compiler][0m

    src/app/modules/video/14-watermark/watermark.component.ts:89:125:
[37m      89 Γöé ...nc)?.outputBlob ?? null" [[32moutputSizeMB[37m]="(state$ | async)?.outp...
         Γò╡                              [32m~~~~~~~~~~~~[0m


[31mX [41;31m[[41;97mERROR[41;31m][0m [1mTS2345: Argument of type 'string' is not assignable to parameter of type '"wav" | "mp3" | "aac"'.[0m [1m[35m[plugin angular-compiler][0m

    src/app/modules/video/15-audio-extractor/audioExtractor.component.ts:52:56:
[37m      52 Γöé                     <button (click)="onFormatChange(fmt.[32mvalue[37m)"
         Γò╡                                                         [32m~~~~~[0m


[31mX [41;31m[[41;97mERROR[41;31m][0m [1mTS2322: Type 'Blob | null' is not assignable to type 'WritableSignal<Blob | null>'.
  Type 'null' is not assignable to type 'WritableSignal<Blob | null>'.[0m [1m[35m[plugin angular-compiler][0m

    src/app/modules/video/15-audio-extractor/audioExtractor.component.ts:94:31:
[37m      94 Γöé ...        <app-export-panel [[32moutputBlob[37m]="(state$ | async)?.outpu...
         Γò╡                               [32m~~~~~~~~~~[0m


[31mX [41;31m[[41;97mERROR[41;31m][0m [1mTS2322: Type 'number | null' is not assignable to type 'WritableSignal<number | null>'.
  Type 'null' is not assignable to type 'WritableSignal<number | null>'.[0m [1m[35m[plugin angular-compiler][0m

    src/app/modules/video/15-audio-extractor/audioExtractor.component.ts:94:83:
[37m      94 Γöé ...nc)?.outputBlob ?? null" [[32moutputSizeMB[37m]="(state$ | async)?.outp...
         Γò╡                              [32m~~~~~~~~~~~~[0m


[31mX [41;31m[[41;97mERROR[41;31m][0m [1mNG8002: Can't bind to 'availableFormats' since it isn't a known property of 'app-export-panel'.
1. If 'app-export-panel' is an Angular component and it has 'availableFormats' input, then verify that it is included in the '@Component.imports' of this component.
2. If 'app-export-panel' is a Web Component then add 'CUSTOM_ELEMENTS_SCHEMA' to the '@Component.schemas' of this component to suppress this message.
3. To allow any property add 'NO_ERRORS_SCHEMA' to the '@Component.schemas' of this component.[0m [1m[35m[plugin angular-compiler][0m

    src/app/modules/video/15-audio-extractor/audioExtractor.component.ts:95:14:
[37m      95 Γöé               [32m[availableFormats]="[outputFormat]"[37m defaultFilename=...
         Γò╡               [32m~~~~~~~~~~~~~~~~~~~~~~~~~~~~~~~~~~~[0m


[31mX [41;31m[[41;97mERROR[41;31m][0m [1mTS2322: Type 'Blob | null' is not assignable to type 'WritableSignal<Blob | null>'.
  Type 'null' is not assignable to type 'WritableSignal<Blob | null>'.[0m [1m[35m[plugin angular-compiler][0m

    src/app/modules/video/16-audio-replacer/audioReplacer.component.ts:81:73:
[37m      81 Γöé ...one') { <app-export-panel [[32moutputBlob[37m]="(state$ | async)?.outpu...
         Γò╡                               [32m~~~~~~~~~~[0m


[31mX [41;31m[[41;97mERROR[41;31m][0m [1mTS2322: Type 'number | null' is not assignable to type 'WritableSignal<number | null>'.
  Type 'null' is not assignable to type 'WritableSignal<number | null>'.[0m [1m[35m[plugin angular-compiler][0m

    src/app/modules/video/16-audio-replacer/audioReplacer.component.ts:81:125:
[37m      81 Γöé ...nc)?.outputBlob ?? null" [[32moutputSizeMB[37m]="(state$ | async)?.outp...
         Γò╡                              [32m~~~~~~~~~~~~[0m


[31mX [41;31m[[41;97mERROR[41;31m][0m [1mTS2322: Type 'Blob | null' is not assignable to type 'WritableSignal<Blob | null>'.
  Type 'null' is not assignable to type 'WritableSignal<Blob | null>'.[0m [1m[35m[plugin angular-compiler][0m

    src/app/modules/video/17-denoiser/denoiser.component.ts:84:73:
[37m      84 Γöé ...one') { <app-export-panel [[32moutputBlob[37m]="(state$ | async)?.outpu...
         Γò╡                               [32m~~~~~~~~~~[0m


[31mX [41;31m[[41;97mERROR[41;31m][0m [1mTS2322: Type 'number | null' is not assignable to type 'WritableSignal<number | null>'.
  Type 'null' is not assignable to type 'WritableSignal<number | null>'.[0m [1m[35m[plugin angular-compiler][0m

    src/app/modules/video/17-denoiser/denoiser.component.ts:84:125:
[37m      84 Γöé ...nc)?.outputBlob ?? null" [[32moutputSizeMB[37m]="(state$ | async)?.outp...
         Γò╡                              [32m~~~~~~~~~~~~[0m


[31mX [41;31m[[41;97mERROR[41;31m][0m [1mTS2322: Type 'Blob | null' is not assignable to type 'WritableSignal<Blob | null>'.
  Type 'null' is not assignable to type 'WritableSignal<Blob | null>'.[0m [1m[35m[plugin angular-compiler][0m

    src/app/modules/video/18-interpolator/interpolator.component.ts:75:73:
[37m      75 Γöé ...one') { <app-export-panel [[32moutputBlob[37m]="(state$ | async)?.outpu...
         Γò╡                               [32m~~~~~~~~~~[0m


[31mX [41;31m[[41;97mERROR[41;31m][0m [1mTS2322: Type 'number | null' is not assignable to type 'WritableSignal<number | null>'.
  Type 'null' is not assignable to type 'WritableSignal<number | null>'.[0m [1m[35m[plugin angular-compiler][0m

    src/app/modules/video/18-interpolator/interpolator.component.ts:75:125:
[37m      75 Γöé ...nc)?.outputBlob ?? null" [[32moutputSizeMB[37m]="(state$ | async)?.outp...
         Γò╡                              [32m~~~~~~~~~~~~[0m


[31mX [41;31m[[41;97mERROR[41;31m][0m [1mTS2322: Type 'Blob | null' is not assignable to type 'WritableSignal<Blob | null>'.
  Type 'null' is not assignable to type 'WritableSignal<Blob | null>'.[0m [1m[35m[plugin angular-compiler][0m

    src/app/modules/video/19-metadata-editor/metadataEditor.component.ts:58:73:
[37m      58 Γöé ...one') { <app-export-panel [[32moutputBlob[37m]="(state$ | async)?.outpu...
         Γò╡                               [32m~~~~~~~~~~[0m


[31mX [41;31m[[41;97mERROR[41;31m][0m [1mTS2322: Type 'number | null' is not assignable to type 'WritableSignal<number | null>'.
  Type 'null' is not assignable to type 'WritableSignal<number | null>'.[0m [1m[35m[plugin angular-compiler][0m

    src/app/modules/video/19-metadata-editor/metadataEditor.component.ts:58:125:
[37m      58 Γöé ...nc)?.outputBlob ?? null" [[32moutputSizeMB[37m]="(state$ | async)?.outp...
         Γò╡                              [32m~~~~~~~~~~~~[0m


[31mX [41;31m[[41;97mERROR[41;31m][0m [1mTS2322: Type 'Blob | null' is not assignable to type 'WritableSignal<Blob | null>'.
  Type 'null' is not assignable to type 'WritableSignal<Blob | null>'.[0m [1m[35m[plugin angular-compiler][0m

    src/app/modules/video/20-splitter/splitter.component.ts:81:73:
[37m      81 Γöé ...one') { <app-export-panel [[32moutputBlob[37m]="(state$ | async)?.outpu...
         Γò╡                               [32m~~~~~~~~~~[0m


[31mX [41;31m[[41;97mERROR[41;31m][0m [1mTS2322: Type 'number | null' is not assignable to type 'WritableSignal<number | null>'.
  Type 'null' is not assignable to type 'WritableSignal<number | null>'.[0m [1m[35m[plugin angular-compiler][0m

    src/app/modules/video/20-splitter/splitter.component.ts:81:125:
[37m      81 Γöé ...nc)?.outputBlob ?? null" [[32moutputSizeMB[37m]="(state$ | async)?.outp...
         Γò╡                              [32m~~~~~~~~~~~~[0m


[31mX [41;31m[[41;97mERROR[41;31m][0m [1mTS2322: Type 'Blob | null' is not assignable to type 'WritableSignal<Blob | null>'.
  Type 'null' is not assignable to type 'WritableSignal<Blob | null>'.[0m [1m[35m[plugin angular-compiler][0m

    src/app/modules/video/21-screen-recorder/screenRecorder.component.ts:80:31:
[37m      80 Γöé ...        <app-export-panel [[32moutputBlob[37m]="(state$ | async)?.outpu...
         Γò╡                               [32m~~~~~~~~~~[0m


[31mX [41;31m[[41;97mERROR[41;31m][0m [1mTS2322: Type 'number | null' is not assignable to type 'WritableSignal<number | null>'.
  Type 'null' is not assignable to type 'WritableSignal<number | null>'.[0m [1m[35m[plugin angular-compiler][0m

    src/app/modules/video/21-screen-recorder/screenRecorder.component.ts:80:83:
[37m      80 Γöé ...nc)?.outputBlob ?? null" [[32moutputSizeMB[37m]="(state$ | async)?.outp...
         Γò╡                              [32m~~~~~~~~~~~~[0m


[31mX [41;31m[[41;97mERROR[41;31m][0m [1mTS2322: Type 'Blob | null' is not assignable to type 'WritableSignal<Blob | null>'.
  Type 'null' is not assignable to type 'WritableSignal<Blob | null>'.[0m [1m[35m[plugin angular-compiler][0m

    src/app/modules/video/22-video-to-gif/videoToGif.component.ts:111:31:
[37m      111 Γöé ...       <app-export-panel [[32moutputBlob[37m]="(state$ | async)?.outpu...
          Γò╡                              [32m~~~~~~~~~~[0m


[31mX [41;31m[[41;97mERROR[41;31m][0m [1mTS2322: Type 'number | null' is not assignable to type 'WritableSignal<number | null>'.
  Type 'null' is not assignable to type 'WritableSignal<number | null>'.[0m [1m[35m[plugin angular-compiler][0m

    src/app/modules/video/22-video-to-gif/videoToGif.component.ts:111:83:
[37m      111 Γöé ...c)?.outputBlob ?? null" [[32moutputSizeMB[37m]="(state$ | async)?.outp...
          Γò╡                             [32m~~~~~~~~~~~~[0m


[31mX [41;31m[[41;97mERROR[41;31m][0m [1mNG8002: Can't bind to 'availableFormats' since it isn't a known property of 'app-export-panel'.
1. If 'app-export-panel' is an Angular component and it has 'availableFormats' input, then verify that it is included in the '@Component.imports' of this component.
2. If 'app-export-panel' is a Web Component then add 'CUSTOM_ELEMENTS_SCHEMA' to the '@Component.schemas' of this component to suppress this message.
3. To allow any property add 'NO_ERRORS_SCHEMA' to the '@Component.schemas' of this component.[0m [1m[35m[plugin angular-compiler][0m

    src/app/modules/video/22-video-to-gif/videoToGif.component.ts:112:14:
[37m      112 Γöé               [32m[availableFormats]="['gif']"[37m defaultFilename="omni_...
          Γò╡               [32m~~~~~~~~~~~~~~~~~~~~~~~~~~~~[0m


[31mX [41;31m[[41;97mERROR[41;31m][0m [1mTS2322: Type 'Blob | null' is not assignable to type 'WritableSignal<Blob | null>'.
  Type 'null' is not assignable to type 'WritableSignal<Blob | null>'.[0m [1m[35m[plugin angular-compiler][0m

    src/app/modules/video/23-pip/pip.component.ts:67:73:
[37m      67 Γöé ...one') { <app-export-panel [[32moutputBlob[37m]="(state$ | async)?.outpu...
         Γò╡                               [32m~~~~~~~~~~[0m


[31mX [41;31m[[41;97mERROR[41;31m][0m [1mTS2322: Type 'number | null' is not assignable to type 'WritableSignal<number | null>'.
  Type 'null' is not assignable to type 'WritableSignal<number | null>'.[0m [1m[35m[plugin angular-compiler][0m

    src/app/modules/video/23-pip/pip.component.ts:67:125:
[37m      67 Γöé ...nc)?.outputBlob ?? null" [[32moutputSizeMB[37m]="(state$ | async)?.outp...
         Γò╡                              [32m~~~~~~~~~~~~[0m


[31mX [41;31m[[41;97mERROR[41;31m][0m [1mTS2322: Type 'Blob | null' is not assignable to type 'WritableSignal<Blob | null>'.
  Type 'null' is not assignable to type 'WritableSignal<Blob | null>'.[0m [1m[35m[plugin angular-compiler][0m

    src/app/modules/video/24-blur/blur.component.ts:74:73:
[37m      74 Γöé ...one') { <app-export-panel [[32moutputBlob[37m]="(state$ | async)?.outpu...
         Γò╡                               [32m~~~~~~~~~~[0m


[31mX [41;31m[[41;97mERROR[41;31m][0m [1mTS2322: Type 'number | null' is not assignable to type 'WritableSignal<number | null>'.
  Type 'null' is not assignable to type 'WritableSignal<number | null>'.[0m [1m[35m[plugin angular-compiler][0m

    src/app/modules/video/24-blur/blur.component.ts:74:125:
[37m      74 Γöé ...nc)?.outputBlob ?? null" [[32moutputSizeMB[37m]="(state$ | async)?.outp...
         Γò╡                              [32m~~~~~~~~~~~~[0m


[31mX [41;31m[[41;97mERROR[41;31m][0m [1mTS2322: Type 'Blob | null' is not assignable to type 'WritableSignal<Blob | null>'.
  Type 'null' is not assignable to type 'WritableSignal<Blob | null>'.[0m [1m[35m[plugin angular-compiler][0m

    src/app/modules/video/25-transitions/transitions.component.ts:62:73:
[37m      62 Γöé ...one') { <app-export-panel [[32moutputBlob[37m]="(state$ | async)?.outpu...
         Γò╡                               [32m~~~~~~~~~~[0m


[31mX [41;31m[[41;97mERROR[41;31m][0m [1mTS2322: Type 'number | null' is not assignable to type 'WritableSignal<number | null>'.
  Type 'null' is not assignable to type 'WritableSignal<number | null>'.[0m [1m[35m[plugin angular-compiler][0m

    src/app/modules/video/25-transitions/transitions.component.ts:62:125:
[37m      62 Γöé ...nc)?.outputBlob ?? null" [[32moutputSizeMB[37m]="(state$ | async)?.outp...
         Γò╡                              [32m~~~~~~~~~~~~[0m


[31mX [41;31m[[41;97mERROR[41;31m][0m [1mTS2322: Type 'Blob | null' is not assignable to type 'WritableSignal<Blob | null>'.
  Type 'null' is not assignable to type 'WritableSignal<Blob | null>'.[0m [1m[35m[plugin angular-compiler][0m

    src/app/modules/video/26-compare/compare.component.ts:62:73:
[37m      62 Γöé ...one') { <app-export-panel [[32moutputBlob[37m]="(state$ | async)?.outpu...
         Γò╡                               [32m~~~~~~~~~~[0m


[31mX [41;31m[[41;97mERROR[41;31m][0m [1mTS2322: Type 'number | null' is not assignable to type 'WritableSignal<number | null>'.
  Type 'null' is not assignable to type 'WritableSignal<number | null>'.[0m [1m[35m[plugin angular-compiler][0m

    src/app/modules/video/26-compare/compare.component.ts:62:125:
[37m      62 Γöé ...nc)?.outputBlob ?? null" [[32moutputSizeMB[37m]="(state$ | async)?.outp...
         Γò╡                              [32m~~~~~~~~~~~~[0m


[31mX [41;31m[[41;97mERROR[41;31m][0m [1mTS2322: Type 'Blob | null' is not assignable to type 'WritableSignal<Blob | null>'.
  Type 'null' is not assignable to type 'WritableSignal<Blob | null>'.[0m [1m[35m[plugin angular-compiler][0m

    src/app/modules/video/27-slideshow/slideshow.component.ts:84:73:
[37m      84 Γöé ...one') { <app-export-panel [[32moutputBlob[37m]="(state$ | async)?.outpu...
         Γò╡                               [32m~~~~~~~~~~[0m


[31mX [41;31m[[41;97mERROR[41;31m][0m [1mTS2322: Type 'number | null' is not assignable to type 'WritableSignal<number | null>'.
  Type 'null' is not assignable to type 'WritableSignal<number | null>'.[0m [1m[35m[plugin angular-compiler][0m

    src/app/modules/video/27-slideshow/slideshow.component.ts:84:125:
[37m      84 Γöé ...nc)?.outputBlob ?? null" [[32moutputSizeMB[37m]="(state$ | async)?.outp...
         Γò╡                              [32m~~~~~~~~~~~~[0m


[31mX [41;31m[[41;97mERROR[41;31m][0m [1mTS2322: Type 'Blob | null' is not assignable to type 'WritableSignal<Blob | null>'.
  Type 'null' is not assignable to type 'WritableSignal<Blob | null>'.[0m [1m[35m[plugin angular-compiler][0m

    src/app/modules/video/28-batch/batch.component.ts:83:73:
[37m      83 Γöé ...one') { <app-export-panel [[32moutputBlob[37m]="(state$ | async)?.outpu...
         Γò╡                               [32m~~~~~~~~~~[0m


[31mX [41;31m[[41;97mERROR[41;31m][0m [1mTS2322: Type 'number | null' is not assignable to type 'WritableSignal<number | null>'.
  Type 'null' is not assignable to type 'WritableSignal<number | null>'.[0m [1m[35m[plugin angular-compiler][0m

    src/app/modules/video/28-batch/batch.component.ts:83:125:
[37m      83 Γöé ...nc)?.outputBlob ?? null" [[32moutputSizeMB[37m]="(state$ | async)?.outp...
         Γò╡                              [32m~~~~~~~~~~~~[0m


[31mX [41;31m[[41;97mERROR[41;31m][0m [1mTS2322: Type 'Blob | null' is not assignable to type 'WritableSignal<Blob | null>'.
  Type 'null' is not assignable to type 'WritableSignal<Blob | null>'.[0m [1m[35m[plugin angular-compiler][0m

    src/app/modules/video/30-upscaler/upscaler.component.ts:83:73:
[37m      83 Γöé ...one') { <app-export-panel [[32moutputBlob[37m]="(state$ | async)?.outpu...
         Γò╡                               [32m~~~~~~~~~~[0m


[31mX [41;31m[[41;97mERROR[41;31m][0m [1mTS2322: Type 'number | null' is not assignable to type 'WritableSignal<number | null>'.
  Type 'null' is not assignable to type 'WritableSignal<number | null>'.[0m [1m[35m[plugin angular-compiler][0m

    src/app/modules/video/30-upscaler/upscaler.component.ts:83:125:
[37m      83 Γöé ...nc)?.outputBlob ?? null" [[32moutputSizeMB[37m]="(state$ | async)?.outp...
         Γò╡                              [32m~~~~~~~~~~~~[0m


[31mX [41;31m[[41;97mERROR[41;31m][0m [1mTS2304: Cannot find name 'inject'.[0m [1m[35m[plugin angular-compiler][0m

    src/app/modules/video/shared/components/export-panel/export-panel.component.ts:47:19:
[37m      47 Γöé   private worker = [32minject[37m(WorkerBridgeService);
         Γò╡                    [32m~~~~~~[0m


[31mX [41;31m[[41;97mERROR[41;31m][0m [1mNo matching export in "node_modules/@angular/platform-server/fesm2022/platform-server.mjs" for import "provideServer"[0m

    src/app/app.config.server.ts:3:8:
[37m      3 Γöé import {[32mprovideServer[37m, ServerConfig} from '@angular/platform-server';
        Γò╡         [32m~~~~~~~~~~~~~[0m


[31mX [41;31m[[41;97mERROR[41;31m][0m [1mNo matching export in "node_modules/@angular/platform-server/fesm2022/platform-server.mjs" for import "ServerConfig"[0m

    src/app/app.config.server.ts:3:23:
[37m      3 Γöé import {provideServer, [32mServerConfig[37m} from '@angular/platform-server';
        Γò╡                        [32m~~~~~~~~~~~~[0m

[39m[22m
