src/modules/plugin-engine/backend/execution-engine.ts(105,18): error TS1127: Invalid character.
src/modules/plugin-engine/backend/execution-engine.ts(105,19): error TS1136: Property assignment expected.
src/modules/plugin-engine/backend/execution-engine.ts(123,1): error TS1160: Unterminated template literal.
src/modules/plugin-engine/monetization/license-manager.ts(52,10): error TS1127: Invalid character.
src/modules/plugin-engine/monetization/license-manager.ts(69,1): error TS1160: Unterminated template literal.
src/modules/plugin-engine/telemetry/logger.ts(30,32): error TS1127: Invalid character.
src/modules/plugin-engine/telemetry/logger.ts(45,1): error TS1160: Unterminated template literal.
