src/app/audio/[tool]/page.tsx(63,18): error TS2345: Argument of type 'AudioOperation' is not assignable to parameter of type 'AudioToolCommand'.
  Type '"audio-reverser"' is not assignable to type 'AudioToolCommand'.
src/app/audio/[tool]/page.tsx(79,9): error TS2322: Type 'AudioOperation' is not assignable to type 'AudioToolCommand'.
  Type '"audio-reverser"' is not assignable to type 'AudioToolCommand'.
src/app/audio/audio-recorder/page.tsx(6,109): error TS2345: Argument of type '"audio-recorder"' is not assignable to parameter of type 'AudioToolCommand'.
src/app/audio/audio-recorder/page.tsx(6,193): error TS2322: Type '"audio-recorder"' is not assignable to type 'AudioToolCommand'.
src/app/audio/audio-reverser/page.tsx(6,109): error TS2345: Argument of type '"audio-reverser"' is not assignable to parameter of type 'AudioToolCommand'.
src/app/audio/audio-reverser/page.tsx(6,193): error TS2322: Type '"audio-reverser"' is not assignable to type 'AudioToolCommand'.
src/lib/validators/tool-schemas.ts(24,14): error TS2554: Expected 2-3 arguments, but got 1.
src/lib/validators/tool-schemas.ts(51,14): error TS2554: Expected 2-3 arguments, but got 1.
src/lib/validators/tool-schemas.ts(73,14): error TS2554: Expected 2-3 arguments, but got 1.
src/workers/ffmpeg.worker.ts(94,35): error TS2322: Type 'Uint8Array<ArrayBufferLike>' is not assignable to type 'BlobPart'.
  Type 'Uint8Array<ArrayBufferLike>' is not assignable to type 'ArrayBufferView<ArrayBuffer>'.
    Types of property 'buffer' are incompatible.
      Type 'ArrayBufferLike' is not assignable to type 'ArrayBuffer'.
        Type 'SharedArrayBuffer' is missing the following properties from type 'ArrayBuffer': resizable, resize, detached, transfer, transferToFixedLength
src/workers/image.worker.ts(81,35): error TS2322: Type 'Uint8Array<ArrayBufferLike>' is not assignable to type 'BlobPart'.
  Type 'Uint8Array<ArrayBufferLike>' is not assignable to type 'ArrayBufferView<ArrayBuffer>'.
    Types of property 'buffer' are incompatible.
      Type 'ArrayBufferLike' is not assignable to type 'ArrayBuffer'.
        Type 'SharedArrayBuffer' is missing the following properties from type 'ArrayBuffer': resizable, resize, detached, transfer, transferToFixedLength
src/workers/onnx.worker.ts(29,28): error TS2349: This expression is not callable.
  Type 'typeof import("C:/Users/IKYY/Downloads/HEAVY-TOOLS/node_modules/@imgly/background-removal/dist/src/index")' has no call signatures.
